
> astra-hr@0.0.0 build
> tsc -b && vite build

src/components/layout/AuthLayout.tsx(1,1): error TS6133: 'React' is declared but its value is never read.
src/components/layout/DashboardLayout.tsx(1,1): error TS6133: 'React' is declared but its value is never read.
src/components/layout/Sidebar.tsx(1,1): error TS6133: 'React' is declared but its value is never read.
src/components/layout/Topbar.tsx(1,1): error TS6133: 'React' is declared but its value is never read.
src/pages/admin/EmployeeList.tsx(1,8): error TS6133: 'React' is declared but its value is never read.
src/pages/admin/Leaves.tsx(1,1): error TS6133: 'React' is declared but its value is never read.
src/pages/admin/Overview.tsx(1,1): error TS6133: 'React' is declared but its value is never read.
src/pages/admin/Overview.tsx(11,11): error TS6133: 'tasks' is declared but its value is never read.
src/pages/admin/Tasks.tsx(12,10): error TS1484: 'Task' is a type and must be imported using a type-only import when 'verbatimModuleSyntax' is enabled.
src/pages/employee/Overview.tsx(1,1): error TS6133: 'React' is declared but its value is never read.
src/pages/employee/Tasks.tsx(1,1): error TS6133: 'React' is declared but its value is never read.
src/pages/employee/Team.tsx(1,1): error TS6133: 'React' is declared but its value is never read.
src/store/useAuthStore.ts(3,10): error TS1484: 'User' is a type and must be imported using a type-only import when 'verbatimModuleSyntax' is enabled.
src/store/useEmployeeStore.ts(3,10): error TS1484: 'User' is a type and must be imported using a type-only import when 'verbatimModuleSyntax' is enabled.
src/store/useLeaveStore.ts(3,10): error TS1484: 'LeaveRequest' is a type and must be imported using a type-only import when 'verbatimModuleSyntax' is enabled.
src/store/useTaskStore.ts(3,10): error TS1484: 'Task' is a type and must be imported using a type-only import when 'verbatimModuleSyntax' is enabled.
